
Test run finished after 1652 ms
[         3 containers found      ]
[         0 containers skipped    ]
[         3 containers started    ]
[         0 containers aborted    ]
[         3 containers successful ]
[         0 containers failed     ]
[         8 tests found           ]
[         0 tests skipped         ]
[         8 tests started         ]
[         0 tests aborted         ]
[         6 tests successful      ]
[         2 tests failed          ]


Failures (2):
  JUnit Jupiter:JavaEmissionVerifierTest:correctOutputCannotHideAnAdditionalSideEffect()
    MethodSource [className = 'org.sandbox.jdt.internal.corext.fix.math.JavaEmissionVerifierTest', methodName = 'correctOutputCannotHideAnAdditionalSideEffect', methodParameterTypes = '']
    => org.opentest4j.AssertionFailedError: Expected java.lang.IllegalArgumentException to be thrown, but nothing was thrown.
       org.junit.jupiter.api.Assertions.assertThrows(Assertions.java:3234)
       org.sandbox.jdt.internal.corext.fix.math.JavaEmissionVerifierTest.correctOutputCannotHideAnAdditionalSideEffect(JavaEmissionVerifierTest.java:53)
  JUnit Jupiter:JavaEmissionVerifierTest:correctOutputCannotHideAnUnusedThrowingDeclaration()
    MethodSource [className = 'org.sandbox.jdt.internal.corext.fix.math.JavaEmissionVerifierTest', methodName = 'correctOutputCannotHideAnUnusedThrowingDeclaration', methodParameterTypes = '']
    => org.opentest4j.AssertionFailedError: Expected java.lang.IllegalArgumentException to be thrown, but nothing was thrown.
       org.junit.jupiter.api.Assertions.assertThrows(Assertions.java:3234)
       org.sandbox.jdt.internal.corext.fix.math.JavaEmissionVerifierTest.correctOutputCannotHideAnUnusedThrowingDeclaration(JavaEmissionVerifierTest.java:62)
