
Test run finished after 2291 ms
[         2 containers found      ]
[         0 containers skipped    ]
[         2 containers started    ]
[         0 containers aborted    ]
[         2 containers successful ]
[         0 containers failed     ]
[         1 tests found           ]
[         0 tests skipped         ]
[         1 tests started         ]
[         0 tests aborted         ]
[         0 tests successful      ]
[         1 tests failed          ]


Failures (1):
  JUnit Jupiter:JavaComputationRoundTripTest:generatedLinesKeepSourceIndentationAndDelimitersWithExactUndo()
    MethodSource [className = 'org.sandbox.jdt.math.tests.JavaComputationRoundTripTest', methodName = 'generatedLinesKeepSourceIndentationAndDelimitersWithExactUndo', methodParameterTypes = '']
    => org.opentest4j.AssertionFailedError: final int _math0 = x;
int a=_math0;
    // Keep this user's comment.
    int b=_math0; ==> expected: <true> but was: <false>
       org.junit.jupiter.api.Assertions.assertTrue(Assertions.java:232)
       org.sandbox.jdt.math.tests.JavaComputationRoundTripTest.generatedLinesKeepSourceIndentationAndDelimitersWithExactUndo(JavaComputationRoundTripTest.java:48)
