qa/math-optimization/src/test/java/org/sandbox/math/qa/MathCorpusRunnerTest.java:18: error: cannot find symbol
        var report = MathCorpusRunner.analyzeTree(temporary.resolve("src"), temporary.resolve("report"));
                     ^
  symbol:   variable MathCorpusRunner
  location: class MathCorpusRunnerTest
qa/math-optimization/src/test/java/org/sandbox/math/qa/MathCorpusRunnerTest.java:32: error: cannot find symbol
        var report = MathCorpusRunner.analyzeTree(temporary.resolve("src"), temporary.resolve("report"));
                     ^
  symbol:   variable MathCorpusRunner
  location: class MathCorpusRunnerTest
qa/math-optimization/src/test/java/org/sandbox/math/qa/MathCorpusRunnerTest.java:45: error: cannot find symbol
        var report = MathCorpusRunner.analyzeTree(temporary.resolve("src"), temporary.resolve("report"));
                     ^
  symbol:   variable MathCorpusRunner
  location: class MathCorpusRunnerTest
qa/math-optimization/src/test/java/org/sandbox/math/qa/MathCorpusRunnerTest.java:53: error: cannot find symbol
        var receipt = MathCorpusRunner.implementationReceipt();
                      ^
  symbol:   variable MathCorpusRunner
  location: class MathCorpusRunnerTest
qa/math-optimization/src/test/java/org/sandbox/math/qa/MathCorpusRunnerTest.java:59: error: cannot find symbol
        MathCorpusRunner.requireUnchangedImplementation(receipt);
        ^
  symbol:   variable MathCorpusRunner
  location: class MathCorpusRunnerTest
qa/math-optimization/src/test/java/org/sandbox/math/qa/MathCorpusRunnerTest.java:61: error: cannot find symbol
        assertThrows(IllegalStateException.class, () -> MathCorpusRunner.requireUnchangedImplementation(receipt));
                                                        ^
  symbol:   variable MathCorpusRunner
  location: class MathCorpusRunnerTest
6 errors
