[INFO] Scanning for projects...
[INFO]
[INFO] ---------------------< org.sandbox:sandbox_oomph >----------------------
[INFO] Building sandbox_oomph 1.3.6
[INFO]   from pom.xml
[INFO] --------------------------------[ jar ]---------------------------------
[INFO]
[INFO] --- resources:3.4.0:resources (default-resources) @ sandbox_oomph ---
[INFO] skip non existing resourceDirectory /workspace/scratch/e422f490850c/sandbox-restored/sandbox_oomph/src/main/resources
[INFO]
[INFO] --- compiler:3.16.0:compile (default-compile) @ sandbox_oomph ---
[INFO] No sources to compile
[INFO]
[INFO] --- resources:3.4.0:testResources (default-testResources) @ sandbox_oomph ---
[INFO] Copying 1 resource from src/test/resources to target/test-classes
[INFO]
[INFO] --- compiler:3.16.0:testCompile (default-testCompile) @ sandbox_oomph ---
[WARNING] I/O error reading dependency state: /workspace/scratch/e422f490850c/sandbox-restored/sandbox_oomph/target/classes: /workspace/scratch/e422f490850c/sandbox-restored/sandbox_oomph/target/classes
[INFO] Nothing to compile - all classes are up to date.
[INFO]
[INFO] --- surefire:3.6.0:test (default-test) @ sandbox_oomph ---
[INFO] Using auto detected provider org.apache.maven.surefire.junitplatform.JUnitPlatformProvider
[INFO]
[INFO] -------------------------------------------------------
[INFO]  T E S T S
[INFO] -------------------------------------------------------
[INFO] Running org.sandbox.oomph.OomphSetupTest
[WARNING] Tests run: 8, Failures: 0, Errors: 0, Skipped: 1, Time elapsed: 0.151 s -- in org.sandbox.oomph.OomphSetupTest
[INFO]
[INFO] Results:
[INFO]
[INFO] Tests run: 8, Failures: 0, Errors: 0, Skipped: 1
[INFO]
[INFO]
[INFO] --- jar:3.5.0:jar (default-jar) @ sandbox_oomph ---
[WARNING] JAR will be empty - no content was marked for inclusion!
[INFO] ------------------------------------------------------------------------
[INFO] BUILD SUCCESS
[INFO] ------------------------------------------------------------------------
[INFO] Total time:  1.811 s
[INFO] Finished at: 2026-10-05T02:42:42+07:00
[INFO] ------------------------------------------------------------------------
