
Thanks for using JUnit! Support its development at https://junit.org/sponsoring


Failures (1):
  JUnit Jupiter:JavaRuntimeConsistencyTest:contributorSetupUsesJava25WithoutChangingFrozenQaTargets()
    MethodSource [className = 'org.sandbox.jdt.triggerpattern.test.policy.JavaRuntimeConsistencyTest', methodName = 'contributorSetupUsesJava25WithoutChangingFrozenQaTargets', methodParameterTypes = '']
    => org.opentest4j.AssertionFailedError: The project JRE must not reuse the SDK's older selection variable ==> expected: <${jre.location-25}> but was: <${jre.location-21}>
       org.junit.jupiter.api.AssertionFailureBuilder.build(AssertionFailureBuilder.java:151)
       org.junit.jupiter.api.AssertionFailureBuilder.buildAndThrow(AssertionFailureBuilder.java:132)
       org.junit.jupiter.api.AssertEquals.failNotEqual(AssertEquals.java:197)
       org.junit.jupiter.api.AssertEquals.assertEquals(AssertEquals.java:182)
       org.junit.jupiter.api.Assertions.assertEquals(Assertions.java:1156)
       org.sandbox.jdt.triggerpattern.test.policy.JavaRuntimeConsistencyTest.contributorSetupUsesJava25WithoutChangingFrozenQaTargets(JavaRuntimeConsistencyTest.java:104)
       java.base/java.lang.reflect.Method.invoke(Method.java:565)
       java.base/java.util.ArrayList.forEach(ArrayList.java:1604)
       java.base/java.util.ArrayList.forEach(ArrayList.java:1604)

Test run finished after 167 ms
[         4 containers found      ]
[         0 containers skipped    ]
[         4 containers started    ]
[         0 containers aborted    ]
[         4 containers successful ]
[         0 containers failed     ]
[         1 tests found           ]
[         0 tests skipped         ]
[         1 tests started         ]
[         0 tests aborted         ]
[         0 tests successful      ]
[         1 tests failed          ]
