Property settings:
    file.encoding = UTF-8
    file.separator = /
    java.class.path =
    java.class.version = 69.0
    java.home = /workspace/scratch/e422f490850c/tooling/justj25-runtime/jre
    java.io.tmpdir = /tmp
    java.library.path = /usr/java/packages/lib
        /usr/lib64
        /lib64
        /lib
        /usr/lib
    java.runtime.name = OpenJDK Runtime Environment
    java.runtime.version = 25.0.4.1+1-LTS
    java.specification.name = Java Platform API Specification
    java.specification.vendor = Oracle Corporation
    java.specification.version = 25
    java.vendor = Eclipse Adoptium
    java.vendor.url = https://adoptium.net/
    java.vendor.url.bug = https://github.com/adoptium/adoptium-support/issues
    java.vendor.version = Temurin-25.0.4.1+1
    java.version = 25.0.4.1
    java.version.date = 2026-08-18
    java.vm.compressedOopsMode = 32-bit
    java.vm.info = mixed mode, sharing
    java.vm.name = OpenJDK 64-Bit Server VM
    java.vm.specification.name = Java Virtual Machine Specification
    java.vm.specification.vendor = Oracle Corporation
    java.vm.specification.version = 25
    java.vm.vendor = Eclipse Adoptium
    java.vm.version = 25.0.4.1+1-LTS
    jdk.debug = release
    line.separator = \n
    native.encoding = UTF-8
    os.arch = amd64
    os.name = Linux
    os.version = 6.18.44
    path.separator = :
    stderr.encoding = UTF-8
    stdin.encoding = UTF-8
    stdout.encoding = UTF-8
    sun.arch.data.model = 64
    sun.boot.library.path = /workspace/scratch/e422f490850c/tooling/justj25-runtime/jre/lib
    sun.cpu.endian = little
    sun.io.unicode.encoding = UnicodeLittle
    sun.java.launcher = SUN_STANDARD
    sun.jnu.encoding = UTF-8
    sun.management.compiler = HotSpot 64-Bit Tiered Compilers
    user.dir = /workspace/scratch/e422f490850c/tooling
    user.home = /root
    user.language = en
    user.name = root

openjdk version "25.0.4.1" 2026-08-18 LTS
OpenJDK Runtime Environment Temurin-25.0.4.1+1 (build 25.0.4.1+1-LTS)
OpenJDK 64-Bit Server VM Temurin-25.0.4.1+1 (build 25.0.4.1+1-LTS, mixed mode, sharing)
