[INFO] Scanning for projects...
[INFO]
[INFO] ---------------------< org.sandbox:sandbox_oomph >----------------------
[INFO] Building sandbox_oomph 1.3.6
[INFO]   from pom.xml
[INFO] --------------------------------[ jar ]---------------------------------
[INFO]
[INFO] --- resources:3.4.0:resources (default-resources) @ sandbox_oomph ---
[INFO] skip non existing resourceDirectory /workspace/scratch/e422f490850c/sandbox-restored/sandbox_oomph/src/main/resources
[INFO]
[INFO] --- compiler:3.16.0:compile (default-compile) @ sandbox_oomph ---
[INFO] No sources to compile
[INFO]
[INFO] --- resources:3.4.0:testResources (default-testResources) @ sandbox_oomph ---
[INFO] Copying 1 resource from src/test/resources to target/test-classes
[INFO]
[INFO] --- compiler:3.16.0:testCompile (default-testCompile) @ sandbox_oomph ---
[WARNING] I/O error reading dependency state: /workspace/scratch/e422f490850c/sandbox-restored/sandbox_oomph/target/classes: /workspace/scratch/e422f490850c/sandbox-restored/sandbox_oomph/target/classes
[INFO] Recompiling the module because of changed source code.
[INFO] Compiling 1 source file with javac [debug release 25] to target/test-classes
[INFO]
[INFO] --- surefire:3.6.0:test (default-test) @ sandbox_oomph ---
[INFO] Using auto detected provider org.apache.maven.surefire.junitplatform.JUnitPlatformProvider
[INFO]
[INFO] -------------------------------------------------------
[INFO]  T E S T S
[INFO] -------------------------------------------------------
[INFO] Running org.sandbox.oomph.OomphSetupTest
[ERROR] Tests run: 2, Failures: 2, Errors: 0, Skipped: 0, Time elapsed: 0.193 s <<< FAILURE! -- in org.sandbox.oomph.OomphSetupTest
[ERROR] org.sandbox.oomph.OomphSetupTest.rejectsEarlierPassOrRestartWhenNativeLaunchWritesNoReceipt(Path) -- Time elapsed: 0.101 s <<< FAILURE!
org.opentest4j.AssertionFailedError: Expected java.lang.AssertionError to be thrown, but nothing was thrown.
	at org.junit.jupiter.api.AssertionFailureBuilder.build(AssertionFailureBuilder.java:152)
	at org.junit.jupiter.api.AssertThrows.assertThrows(AssertThrows.java:73)
	at org.junit.jupiter.api.AssertThrows.assertThrows(AssertThrows.java:35)
	at org.junit.jupiter.api.Assertions.assertThrows(Assertions.java:3128)
	at org.sandbox.oomph.OomphSetupTest.rejectsEarlierPassOrRestartWhenNativeLaunchWritesNoReceipt(OomphSetupTest.java:208)
	at java.base/java.lang.reflect.Method.invoke(Method.java:565)
	at java.base/java.util.ArrayList.forEach(ArrayList.java:1604)
	at java.base/java.util.ArrayList.forEach(ArrayList.java:1604)

[ERROR] org.sandbox.oomph.OomphSetupTest.readsOnlyNewReceiptAndRetainsPreviousEvidence(Path) -- Time elapsed: 0.020 s <<< FAILURE!
org.opentest4j.AssertionFailedError: The prior receipt must remain available for diagnosing an interrupted update ==> expected: <true> but was: <false>
	at org.junit.jupiter.api.AssertionFailureBuilder.build(AssertionFailureBuilder.java:151)
	at org.junit.jupiter.api.AssertionFailureBuilder.buildAndThrow(AssertionFailureBuilder.java:132)
	at org.junit.jupiter.api.AssertTrue.failNotTrue(AssertTrue.java:63)
	at org.junit.jupiter.api.AssertTrue.assertTrue(AssertTrue.java:36)
	at org.junit.jupiter.api.Assertions.assertTrue(Assertions.java:214)
	at org.sandbox.oomph.OomphSetupTest.readsOnlyNewReceiptAndRetainsPreviousEvidence(OomphSetupTest.java:224)
	at java.base/java.lang.reflect.Method.invoke(Method.java:565)
	at java.base/java.util.ArrayList.forEach(ArrayList.java:1604)
	at java.base/java.util.ArrayList.forEach(ArrayList.java:1604)

[INFO]
[INFO] Results:
[INFO]
[ERROR] Failures:
[ERROR]   OomphSetupTest.readsOnlyNewReceiptAndRetainsPreviousEvidence:224 The prior receipt must remain available for diagnosing an interrupted update ==> expected: <true> but was: <false>
[ERROR]   OomphSetupTest.rejectsEarlierPassOrRestartWhenNativeLaunchWritesNoReceipt:208 Expected java.lang.AssertionError to be thrown, but nothing was thrown.
[INFO]
[ERROR] Tests run: 2, Failures: 2, Errors: 0, Skipped: 0
[INFO]
[INFO] ------------------------------------------------------------------------
[INFO] BUILD FAILURE
[INFO] ------------------------------------------------------------------------
[INFO] Total time:  3.331 s
[INFO] Finished at: 2026-10-05T02:15:14+07:00
[INFO] ------------------------------------------------------------------------
[ERROR] Failed to execute goal org.apache.maven.plugins:maven-surefire-plugin:3.6.0:test (default-test) on project sandbox_oomph: There are test failures.
[ERROR]
[ERROR] See /workspace/scratch/e422f490850c/sandbox-restored/sandbox_oomph/target/surefire-reports for the individual test results.
[ERROR] See dump files (if any exist) [date].dump, [date]-jvmRun[N].dump and [date].dumpstream.
[ERROR] -> [Help 1]
[ERROR]
[ERROR] To see the full stack trace of the errors, re-run Maven with the -e switch.
[ERROR] Re-run Maven using the -X switch to enable full debug logging.
[ERROR]
[ERROR] For more information about the errors and possible solutions, please read the following articles:
[ERROR] [Help 1] http://cwiki.apache.org/confluence/display/MAVEN/MojoFailureException
